// Jest Snapshot v1, https://goo.gl/fbAQLP

exports[`<SearchGame/> should matches the snapshot 1`] = `
<form
  action=""
>
  <input
    id="gamedId"
    name="gamedId"
    type="text"
  />
  <button>
    search
  </button>
</form>
`;
