// Jest Snapshot v1, https://goo.gl/fbAQLP

exports[`<Routes/> should matches the snapshot 1`] = `
<form
  action=""
  onSubmit={[Function]}
>
  <input
    id="gamedId"
    name="gamedId"
    onChange={[Function]}
    type="text"
    value=""
  />
  <button>
    search
  </button>
</form>
`;
